Archive member included to satisfy reference by file (symbol)

c:/st/stm32cubeide_1.4.0/stm32cubeide/plugins/com.st.stm32cube.ide.mcu.externaltools.gnu-tools-for-stm32.7-2018-q2-update.win32_1.4.0.202007081208/tools/bin/../lib/gcc/arm-none-eabi/7.3.1/../../../../arm-none-eabi/lib/thumb/v7-m\libc_nano.a(lib_a-errno.o)
                              Core/Src/syscalls.o (__errno)
c:/st/stm32cubeide_1.4.0/stm32cubeide/plugins/com.st.stm32cube.ide.mcu.externaltools.gnu-tools-for-stm32.7-2018-q2-update.win32_1.4.0.202007081208/tools/bin/../lib/gcc/arm-none-eabi/7.3.1/../../../../arm-none-eabi/lib/thumb/v7-m\libc_nano.a(lib_a-exit.o)
                              c:/st/stm32cubeide_1.4.0/stm32cubeide/plugins/com.st.stm32cube.ide.mcu.externaltools.gnu-tools-for-stm32.7-2018-q2-update.win32_1.4.0.202007081208/tools/bin/../lib/gcc/arm-none-eabi/7.3.1/../../../../arm-none-eabi/lib/thumb/v7-m/crt0.o (exit)
c:/st/stm32cubeide_1.4.0/stm32cubeide/plugins/com.st.stm32cube.ide.mcu.externaltools.gnu-tools-for-stm32.7-2018-q2-update.win32_1.4.0.202007081208/tools/bin/../lib/gcc/arm-none-eabi/7.3.1/../../../../arm-none-eabi/lib/thumb/v7-m\libc_nano.a(lib_a-impure.o)
                              c:/st/stm32cubeide_1.4.0/stm32cubeide/plugins/com.st.stm32cube.ide.mcu.externaltools.gnu-tools-for-stm32.7-2018-q2-update.win32_1.4.0.202007081208/tools/bin/../lib/gcc/arm-none-eabi/7.3.1/../../../../arm-none-eabi/lib/thumb/v7-m\libc_nano.a(lib_a-exit.o) (_global_impure_ptr)
c:/st/stm32cubeide_1.4.0/stm32cubeide/plugins/com.st.stm32cube.ide.mcu.externaltools.gnu-tools-for-stm32.7-2018-q2-update.win32_1.4.0.202007081208/tools/bin/../lib/gcc/arm-none-eabi/7.3.1/../../../../arm-none-eabi/lib/thumb/v7-m\libc_nano.a(lib_a-init.o)
                              c:/st/stm32cubeide_1.4.0/stm32cubeide/plugins/com.st.stm32cube.ide.mcu.externaltools.gnu-tools-for-stm32.7-2018-q2-update.win32_1.4.0.202007081208/tools/bin/../lib/gcc/arm-none-eabi/7.3.1/../../../../arm-none-eabi/lib/thumb/v7-m/crt0.o (__libc_init_array)
c:/st/stm32cubeide_1.4.0/stm32cubeide/plugins/com.st.stm32cube.ide.mcu.externaltools.gnu-tools-for-stm32.7-2018-q2-update.win32_1.4.0.202007081208/tools/bin/../lib/gcc/arm-none-eabi/7.3.1/../../../../arm-none-eabi/lib/thumb/v7-m\libc_nano.a(lib_a-memset.o)
                              c:/st/stm32cubeide_1.4.0/stm32cubeide/plugins/com.st.stm32cube.ide.mcu.externaltools.gnu-tools-for-stm32.7-2018-q2-update.win32_1.4.0.202007081208/tools/bin/../lib/gcc/arm-none-eabi/7.3.1/../../../../arm-none-eabi/lib/thumb/v7-m/crt0.o (memset)

Allocating common symbols
Common symbol       size              file

uwTick              0x4               Drivers/STM32F1xx_HAL_Driver/Src/stm32f1xx_hal.o
pFlash              0x20              Drivers/STM32F1xx_HAL_Driver/Src/stm32f1xx_hal_flash.o
hspi1               0x58              Core/Src/spi.o

Discarded input sections

 .text          0x0000000000000000        0x0 c:/st/stm32cubeide_1.4.0/stm32cubeide/plugins/com.st.stm32cube.ide.mcu.externaltools.gnu-tools-for-stm32.7-2018-q2-update.win32_1.4.0.202007081208/tools/bin/../lib/gcc/arm-none-eabi/7.3.1/thumb/v7-m/crti.o
 .data          0x0000000000000000        0x0 c:/st/stm32cubeide_1.4.0/stm32cubeide/plugins/com.st.stm32cube.ide.mcu.externaltools.gnu-tools-for-stm32.7-2018-q2-update.win32_1.4.0.202007081208/tools/bin/../lib/gcc/arm-none-eabi/7.3.1/thumb/v7-m/crti.o
 .bss           0x0000000000000000        0x0 c:/st/stm32cubeide_1.4.0/stm32cubeide/plugins/com.st.stm32cube.ide.mcu.externaltools.gnu-tools-for-stm32.7-2018-q2-update.win32_1.4.0.202007081208/tools/bin/../lib/gcc/arm-none-eabi/7.3.1/thumb/v7-m/crti.o
 .data          0x0000000000000000        0x4 c:/st/stm32cubeide_1.4.0/stm32cubeide/plugins/com.st.stm32cube.ide.mcu.externaltools.gnu-tools-for-stm32.7-2018-q2-update.win32_1.4.0.202007081208/tools/bin/../lib/gcc/arm-none-eabi/7.3.1/thumb/v7-m/crtbegin.o
 .text          0x0000000000000000       0x74 c:/st/stm32cubeide_1.4.0/stm32cubeide/plugins/com.st.stm32cube.ide.mcu.externaltools.gnu-tools-for-stm32.7-2018-q2-update.win32_1.4.0.202007081208/tools/bin/../lib/gcc/arm-none-eabi/7.3.1/../../../../arm-none-eabi/lib/thumb/v7-m/crt0.o
 .data          0x0000000000000000        0x0 c:/st/stm32cubeide_1.4.0/stm32cubeide/plugins/com.st.stm32cube.ide.mcu.externaltools.gnu-tools-for-stm32.7-2018-q2-update.win32_1.4.0.202007081208/tools/bin/../lib/gcc/arm-none-eabi/7.3.1/../../../../arm-none-eabi/lib/thumb/v7-m/crt0.o
 .bss           0x0000000000000000        0x0 c:/st/stm32cubeide_1.4.0/stm32cubeide/plugins/com.st.stm32cube.ide.mcu.externaltools.gnu-tools-for-stm32.7-2018-q2-update.win32_1.4.0.202007081208/tools/bin/../lib/gcc/arm-none-eabi/7.3.1/../../../../arm-none-eabi/lib/thumb/v7-m/crt0.o
[...]
Memory Configuration

Name             Origin             Length             Attributes
RAM              0x0000000020000000 0x0000000000005000 xrw
FLASH            0x0000000008000000 0x0000000000010000 xr
*default*        0x0000000000000000 0xffffffffffffffff

Linker script and memory map

LOAD c:/st/stm32cubeide_1.4.0/stm32cubeide/plugins/com.st.stm32cube.ide.mcu.externaltools.gnu-tools-for-stm32.7-2018-q2-update.win32_1.4.0.202007081208/tools/bin/../lib/gcc/arm-none-eabi/7.3.1/thumb/v7-m/crti.o
LOAD c:/st/stm32cubeide_1.4.0/stm32cubeide/plugins/com.st.stm32cube.ide.mcu.externaltools.gnu-tools-for-stm32.7-2018-q2-update.win32_1.4.0.202007081208/tools/bin/../lib/gcc/arm-none-eabi/7.3.1/thumb/v7-m/crtbegin.o
LOAD c:/st/stm32cubeide_1.4.0/stm32cubeide/plugins/com.st.stm32cube.ide.mcu.externaltools.gnu-tools-for-stm32.7-2018-q2-update.win32_1.4.0.202007081208/tools/bin/../lib/gcc/arm-none-eabi/7.3.1/../../../../arm-none-eabi/lib/thumb/v7-m/crt0.o
LOAD Core/Src/fonts.o
LOAD Core/Src/gpio.o
LOAD Core/Src/main.o
LOAD Core/Src/spi.o
LOAD Core/Src/st7789.o
LOAD Core/Src/stm32f1xx_hal_msp.o
LOAD Core/Src/stm32f1xx_it.o
LOAD Core/Src/syscalls.o
LOAD Core/Src/sysmem.o
LOAD Core/Src/system_stm32f1xx.o
LOAD Core/Startup/startup_stm32f103c8tx.o
LOAD Drivers/STM32F1xx_HAL_Driver/Src/stm32f1xx_hal.o
LOAD Drivers/STM32F1xx_HAL_Driver/Src/stm32f1xx_hal_cortex.o
LOAD Drivers/STM32F1xx_HAL_Driver/Src/stm32f1xx_hal_dma.o
LOAD Drivers/STM32F1xx_HAL_Driver/Src/stm32f1xx_hal_exti.o
LOAD Drivers/STM32F1xx_HAL_Driver/Src/stm32f1xx_hal_flash.o
LOAD Drivers/STM32F1xx_HAL_Driver/Src/stm32f1xx_hal_flash_ex.o
LOAD Drivers/STM32F1xx_HAL_Driver/Src/stm32f1xx_hal_gpio.o
LOAD Drivers/STM32F1xx_HAL_Driver/Src/stm32f1xx_hal_gpio_ex.o
LOAD Drivers/STM32F1xx_HAL_Driver/Src/stm32f1xx_hal_pwr.o
LOAD Drivers/STM32F1xx_HAL_Driver/Src/stm32f1xx_hal_rcc.o
LOAD Drivers/STM32F1xx_HAL_Driver/Src/stm32f1xx_hal_rcc_ex.o
LOAD Drivers/STM32F1xx_HAL_Driver/Src/stm32f1xx_hal_spi.o
LOAD Drivers/STM32F1xx_HAL_Driver/Src/stm32f1xx_hal_tim.o
LOAD Drivers/STM32F1xx_HAL_Driver/Src/stm32f1xx_hal_tim_ex.o
START GROUP
LOAD c:/st/stm32cubeide_1.4.0/stm32cubeide/plugins/com.st.stm32cube.ide.mcu.externaltools.gnu-tools-for-stm32.7-2018-q2-update.win32_1.4.0.202007081208/tools/bin/../lib/gcc/arm-none-eabi/7.3.1/../../../../arm-none-eabi/lib/thumb/v7-m\libc_nano.a
LOAD c:/st/stm32cubeide_1.4.0/stm32cubeide/plugins/com.st.stm32cube.ide.mcu.externaltools.gnu-tools-for-stm32.7-2018-q2-update.win32_1.4.0.202007081208/tools/bin/../lib/gcc/arm-none-eabi/7.3.1/../../../../arm-none-eabi/lib/thumb/v7-m\libm.a
END GROUP
START GROUP
LOAD c:/st/stm32cubeide_1.4.0/stm32cubeide/plugins/com.st.stm32cube.ide.mcu.externaltools.gnu-tools-for-stm32.7-2018-q2-update.win32_1.4.0.202007081208/tools/bin/../lib/gcc/arm-none-eabi/7.3.1/thumb/v7-m\libgcc.a
LOAD c:/st/stm32cubeide_1.4.0/stm32cubeide/plugins/com.st.stm32cube.ide.mcu.externaltools.gnu-tools-for-stm32.7-2018-q2-update.win32_1.4.0.202007081208/tools/bin/../lib/gcc/arm-none-eabi/7.3.1/../../../../arm-none-eabi/lib/thumb/v7-m\libc_nano.a
END GROUP
START GROUP
LOAD c:/st/stm32cubeide_1.4.0/stm32cubeide/plugins/com.st.stm32cube.ide.mcu.externaltools.gnu-tools-for-stm32.7-2018-q2-update.win32_1.4.0.202007081208/tools/bin/../lib/gcc/arm-none-eabi/7.3.1/thumb/v7-m\libgcc.a
LOAD c:/st/stm32cubeide_1.4.0/stm32cubeide/plugins/com.st.stm32cube.ide.mcu.externaltools.gnu-tools-for-stm32.7-2018-q2-update.win32_1.4.0.202007081208/tools/bin/../lib/gcc/arm-none-eabi/7.3.1/../../../../arm-none-eabi/lib/thumb/v7-m\libc_nano.a
LOAD c:/st/stm32cubeide_1.4.0/stm32cubeide/plugins/com.st.stm32cube.ide.mcu.externaltools.gnu-tools-for-stm32.7-2018-q2-update.win32_1.4.0.202007081208/tools/bin/../lib/gcc/arm-none-eabi/7.3.1/../../../../arm-none-eabi/lib/thumb/v7-m\libnosys.a
END GROUP
START GROUP
LOAD c:/st/stm32cubeide_1.4.0/stm32cubeide/plugins/com.st.stm32cube.ide.mcu.externaltools.gnu-tools-for-stm32.7-2018-q2-update.win32_1.4.0.202007081208/tools/bin/../lib/gcc/arm-none-eabi/7.3.1/thumb/v7-m\libgcc.a
LOAD c:/st/stm32cubeide_1.4.0/stm32cubeide/plugins/com.st.stm32cube.ide.mcu.externaltools.gnu-tools-for-stm32.7-2018-q2-update.win32_1.4.0.202007081208/tools/bin/../lib/gcc/arm-none-eabi/7.3.1/../../../../arm-none-eabi/lib/thumb/v7-m\libc_nano.a
LOAD c:/st/stm32cubeide_1.4.0/stm32cubeide/plugins/com.st.stm32cube.ide.mcu.externaltools.gnu-tools-for-stm32.7-2018-q2-update.win32_1.4.0.202007081208/tools/bin/../lib/gcc/arm-none-eabi/7.3.1/../../../../arm-none-eabi/lib/thumb/v7-m\libnosys.a
END GROUP
LOAD c:/st/stm32cubeide_1.4.0/stm32cubeide/plugins/com.st.stm32cube.ide.mcu.externaltools.gnu-tools-for-stm32.7-2018-q2-update.win32_1.4.0.202007081208/tools/bin/../lib/gcc/arm-none-eabi/7.3.1/thumb/v7-m/crtend.o
LOAD c:/st/stm32cubeide_1.4.0/stm32cubeide/plugins/com.st.stm32cube.ide.mcu.externaltools.gnu-tools-for-stm32.7-2018-q2-update.win32_1.4.0.202007081208/tools/bin/../lib/gcc/arm-none-eabi/7.3.1/thumb/v7-m/crtn.o
                0x0000000020005000                _estack = (ORIGIN (RAM) + LENGTH (RAM))
                0x0000000000000200                _Min_Heap_Size = 0x200
                0x0000000000000400                _Min_Stack_Size = 0x400

.isr_vector     0x0000000008000000      0x10c
                0x0000000008000000                . = ALIGN (0x4)
 *(.isr_vector)
 .isr_vector    0x0000000008000000      0x10c Core/Startup/startup_stm32f103c8tx.o
                0x0000000008000000                g_pfnVectors
                0x000000000800010c                . = ALIGN (0x4)

.text           0x000000000800010c     0x27bc
                0x000000000800010c                . = ALIGN (0x4)
 *(.text)
 .text          0x000000000800010c       0x40 c:/st/stm32cubeide_1.4.0/stm32cubeide/plugins/com.st.stm32cube.ide.mcu.externaltools.gnu-tools-for-stm32.7-2018-q2-update.win32_1.4.0.202007081208/tools/bin/../lib/gcc/arm-none-eabi/7.3.1/thumb/v7-m/crtbegin.o
 *(.text*)
 .text.MX_GPIO_Init
                0x000000000800014c       0x98 Core/Src/gpio.o
                0x000000000800014c                MX_GPIO_Init
 .text.main     0x00000000080001e4       0x1e Core/Src/main.o
                0x00000000080001e4                main
 .text.SystemClock_Config
                0x0000000008000202       0x8a Core/Src/main.o
                0x0000000008000202                SystemClock_Config
 .text.Error_Handler
                0x000000000800028c        0xc Core/Src/main.o
                0x000000000800028c                Error_Handler
 .text.MX_SPI1_Init
                0x0000000008000298       0x6c Core/Src/spi.o
                0x0000000008000298                MX_SPI1_Init
 .text.HAL_SPI_MspInit
                0x0000000008000304       0x7c Core/Src/spi.o
                0x0000000008000304                HAL_SPI_MspInit
 .text.ST7789_WriteCommand
                0x0000000008000380       0x4c Core/Src/st7789.o
 .text.ST7789_WriteData
                0x00000000080003cc       0x70 Core/Src/st7789.o
 .text.ST7789_WriteSmallData
                0x000000000800043c       0x4c Core/Src/st7789.o
 .text.ST7789_SetRotation
                0x0000000008000488       0x58 Core/Src/st7789.o
                0x0000000008000488                ST7789_SetRotation
 .text.ST7789_SetAddressWindow
                0x00000000080004e0       0xbc Core/Src/st7789.o
 .text.ST7789_Init
                0x000000000800059c      0x13c Core/Src/st7789.o
                0x000000000800059c                ST7789_Init
 .text.ST7789_Fill_Color
                0x00000000080006d8       0x7c Core/Src/st7789.o
                0x00000000080006d8                ST7789_Fill_Color
 .text.ST7789_DrawPixel
                0x0000000008000754       0x6c Core/Src/st7789.o
                0x0000000008000754                ST7789_DrawPixel
 .text.ST7789_DrawLine
                0x00000000080007c0      0x116 Core/Src/st7789.o
                0x00000000080007c0                ST7789_DrawLine
 *fill*         0x00000000080008d6        0x2 
 .text.ST7789_DrawRectangle
                0x00000000080008d8       0x8c Core/Src/st7789.o
                0x00000000080008d8                ST7789_DrawRectangle
 .text.ST7789_DrawCircle
                0x0000000008000964      0x1d0 Core/Src/st7789.o
                0x0000000008000964                ST7789_DrawCircle
 .text.ST7789_DrawImage
                0x0000000008000b34       0xa4 Core/Src/st7789.o
                0x0000000008000b34                ST7789_DrawImage
 .text.ST7789_WriteChar
                0x0000000008000bd8      0x104 Core/Src/st7789.o
                0x0000000008000bd8                ST7789_WriteChar
 .text.ST7789_WriteString
                0x0000000008000cdc       0xa8 Core/Src/st7789.o
                0x0000000008000cdc                ST7789_WriteString
 .text.ST7789_DrawFilledRectangle
                0x0000000008000d84       0xb4 Core/Src/st7789.o
                0x0000000008000d84                ST7789_DrawFilledRectangle
 .text.ST7789_DrawTriangle
                0x0000000008000e38       0x78 Core/Src/st7789.o
                0x0000000008000e38                ST7789_DrawTriangle
 .text.ST7789_DrawFilledTriangle
                0x0000000008000eb0      0x1a0 Core/Src/st7789.o
                0x0000000008000eb0                ST7789_DrawFilledTriangle
 .text.ST7789_DrawFilledCircle
                0x0000000008001050      0x1d0 Core/Src/st7789.o
                0x0000000008001050                ST7789_DrawFilledCircle
 .text.ST7789_Test
                0x0000000008001220      0x308 Core/Src/st7789.o
                0x0000000008001220                ST7789_Test
 .text.HAL_MspInit
                0x0000000008001528       0x64 Core/Src/stm32f1xx_hal_msp.o
                0x0000000008001528                HAL_MspInit
 .text.NMI_Handler
                0x000000000800158c        0xc Core/Src/stm32f1xx_it.o
                0x000000000800158c                NMI_Handler
 .text.HardFault_Handler
                0x0000000008001598        0x6 Core/Src/stm32f1xx_it.o
                0x0000000008001598                HardFault_Handler
 .text.MemManage_Handler
                0x000000000800159e        0x6 Core/Src/stm32f1xx_it.o
                0x000000000800159e                MemManage_Handler
 .text.BusFault_Handler
                0x00000000080015a4        0x6 Core/Src/stm32f1xx_it.o
                0x00000000080015a4                BusFault_Handler
 .text.UsageFault_Handler
                0x00000000080015aa        0x6 Core/Src/stm32f1xx_it.o
                0x00000000080015aa                UsageFault_Handler
 .text.SVC_Handler
                0x00000000080015b0        0xc Core/Src/stm32f1xx_it.o
                0x00000000080015b0                SVC_Handler
 .text.DebugMon_Handler
                0x00000000080015bc        0xc Core/Src/stm32f1xx_it.o
                0x00000000080015bc                DebugMon_Handler
 .text.PendSV_Handler
                0x00000000080015c8        0xc Core/Src/stm32f1xx_it.o
                0x00000000080015c8                PendSV_Handler
 .text.SysTick_Handler
                0x00000000080015d4        0xc Core/Src/stm32f1xx_it.o
                0x00000000080015d4                SysTick_Handler
 .text.SystemInit
                0x00000000080015e0       0x68 Core/Src/system_stm32f1xx.o
                0x00000000080015e0                SystemInit
 .text.Reset_Handler
                0x0000000008001648       0x48 Core/Startup/startup_stm32f103c8tx.o
                0x0000000008001648                Reset_Handler
 .text.Default_Handler
                0x0000000008001690        0x2 Core/Startup/startup_stm32f103c8tx.o
                0x0000000008001690                RTC_Alarm_IRQHandler
                0x0000000008001690                EXTI2_IRQHandler
                0x0000000008001690                TIM1_CC_IRQHandler
                0x0000000008001690                PVD_IRQHandler
                0x0000000008001690                EXTI3_IRQHandler
                0x0000000008001690                EXTI0_IRQHandler
                0x0000000008001690                I2C2_EV_IRQHandler
                0x0000000008001690                ADC1_2_IRQHandler
                0x0000000008001690                SPI1_IRQHandler
                0x0000000008001690                TAMPER_IRQHandler
                0x0000000008001690                DMA1_Channel4_IRQHandler
                0x0000000008001690                USART3_IRQHandler
                0x0000000008001690                RTC_IRQHandler
                0x0000000008001690                DMA1_Channel7_IRQHandler
                0x0000000008001690                CAN1_RX1_IRQHandler
                0x0000000008001690                TIM4_IRQHandler
                0x0000000008001690                I2C1_EV_IRQHandler
                0x0000000008001690                DMA1_Channel6_IRQHandler
                0x0000000008001690                TIM3_IRQHandler
                0x0000000008001690                RCC_IRQHandler
                0x0000000008001690                TIM1_TRG_COM_IRQHandler
                0x0000000008001690                DMA1_Channel1_IRQHandler
                0x0000000008001690                Default_Handler
                0x0000000008001690                EXTI15_10_IRQHandler
                0x0000000008001690                EXTI9_5_IRQHandler
                0x0000000008001690                SPI2_IRQHandler
                0x0000000008001690                DMA1_Channel5_IRQHandler
                0x0000000008001690                EXTI4_IRQHandler
                0x0000000008001690                USB_LP_CAN1_RX0_IRQHandler
                0x0000000008001690                USB_HP_CAN1_TX_IRQHandler
                0x0000000008001690                DMA1_Channel3_IRQHandler
                0x0000000008001690                TIM1_UP_IRQHandler
                0x0000000008001690                WWDG_IRQHandler
                0x0000000008001690                TIM2_IRQHandler
                0x0000000008001690                TIM1_BRK_IRQHandler
                0x0000000008001690                EXTI1_IRQHandler
                0x0000000008001690                USART2_IRQHandler
                0x0000000008001690                I2C2_ER_IRQHandler
                0x0000000008001690                DMA1_Channel2_IRQHandler
                0x0000000008001690                CAN1_SCE_IRQHandler
                0x0000000008001690                FLASH_IRQHandler
                0x0000000008001690                USART1_IRQHandler
                0x0000000008001690                I2C1_ER_IRQHandler
                0x0000000008001690                USBWakeUp_IRQHandler
 *fill*         0x0000000008001692        0x2 
 .text.HAL_Init
                0x0000000008001694       0x2c Drivers/STM32F1xx_HAL_Driver/Src/stm32f1xx_hal.o
                0x0000000008001694                HAL_Init
 .text.HAL_InitTick
                0x00000000080016c0       0x60 Drivers/STM32F1xx_HAL_Driver/Src/stm32f1xx_hal.o
                0x00000000080016c0                HAL_InitTick
 .text.HAL_IncTick
                0x0000000008001720       0x24 Drivers/STM32F1xx_HAL_Driver/Src/stm32f1xx_hal.o
                0x0000000008001720                HAL_IncTick
 .text.HAL_GetTick
                0x0000000008001744       0x14 Drivers/STM32F1xx_HAL_Driver/Src/stm32f1xx_hal.o
                0x0000000008001744                HAL_GetTick
 .text.HAL_Delay
                0x0000000008001758       0x44 Drivers/STM32F1xx_HAL_Driver/Src/stm32f1xx_hal.o
                0x0000000008001758                HAL_Delay
 .text.__NVIC_SetPriorityGrouping
                0x000000000800179c       0x48 Drivers/STM32F1xx_HAL_Driver/Src/stm32f1xx_hal_cortex.o
 .text.__NVIC_GetPriorityGrouping
                0x00000000080017e4       0x1c Drivers/STM32F1xx_HAL_Driver/Src/stm32f1xx_hal_cortex.o
 .text.__NVIC_SetPriority
                0x0000000008001800       0x54 Drivers/STM32F1xx_HAL_Driver/Src/stm32f1xx_hal_cortex.o
 .text.NVIC_EncodePriority
                0x0000000008001854       0x64 Drivers/STM32F1xx_HAL_Driver/Src/stm32f1xx_hal_cortex.o
 .text.SysTick_Config
                0x00000000080018b8       0x44 Drivers/STM32F1xx_HAL_Driver/Src/stm32f1xx_hal_cortex.o
 .text.HAL_NVIC_SetPriorityGrouping
                0x00000000080018fc       0x16 Drivers/STM32F1xx_HAL_Driver/Src/stm32f1xx_hal_cortex.o
                0x00000000080018fc                HAL_NVIC_SetPriorityGrouping
 .text.HAL_NVIC_SetPriority
                0x0000000008001912       0x38 Drivers/STM32F1xx_HAL_Driver/Src/stm32f1xx_hal_cortex.o
                0x0000000008001912                HAL_NVIC_SetPriority
 .text.HAL_SYSTICK_Config
                0x000000000800194a       0x18 Drivers/STM32F1xx_HAL_Driver/Src/stm32f1xx_hal_cortex.o
                0x000000000800194a                HAL_SYSTICK_Config
 *fill*         0x0000000008001962        0x2 
 .text.HAL_GPIO_Init
                0x0000000008001964      0x2b4 Drivers/STM32F1xx_HAL_Driver/Src/stm32f1xx_hal_gpio.o
                0x0000000008001964                HAL_GPIO_Init
 .text.HAL_GPIO_WritePin
                0x0000000008001c18       0x30 Drivers/STM32F1xx_HAL_Driver/Src/stm32f1xx_hal_gpio.o
                0x0000000008001c18                HAL_GPIO_WritePin
 .text.HAL_RCC_OscConfig
                0x0000000008001c48      0x500 Drivers/STM32F1xx_HAL_Driver/Src/stm32f1xx_hal_rcc.o
                0x0000000008001c48                HAL_RCC_OscConfig
 .text.HAL_RCC_ClockConfig
                0x0000000008002148      0x1d4 Drivers/STM32F1xx_HAL_Driver/Src/stm32f1xx_hal_rcc.o
                0x0000000008002148                HAL_RCC_ClockConfig
 .text.HAL_RCC_GetSysClockFreq
                0x000000000800231c       0xc4 Drivers/STM32F1xx_HAL_Driver/Src/stm32f1xx_hal_rcc.o
                0x000000000800231c                HAL_RCC_GetSysClockFreq
 .text.RCC_Delay
                0x00000000080023e0       0x3c Drivers/STM32F1xx_HAL_Driver/Src/stm32f1xx_hal_rcc.o
 .text.HAL_SPI_Init
                0x000000000800241c       0xc2 Drivers/STM32F1xx_HAL_Driver/Src/stm32f1xx_hal_spi.o
                0x000000000800241c                HAL_SPI_Init
 .text.HAL_SPI_Transmit
                0x00000000080024de      0x268 Drivers/STM32F1xx_HAL_Driver/Src/stm32f1xx_hal_spi.o
                0x00000000080024de                HAL_SPI_Transmit
 .text.SPI_WaitFlagStateUntilTimeout
                0x0000000008002746       0xd4 Drivers/STM32F1xx_HAL_Driver/Src/stm32f1xx_hal_spi.o
 .text.SPI_EndRxTxTransaction
                0x000000000800281a       0x3c Drivers/STM32F1xx_HAL_Driver/Src/stm32f1xx_hal_spi.o
 *fill*         0x0000000008002856        0x2 
 .text.__libc_init_array
                0x0000000008002858       0x48 c:/st/stm32cubeide_1.4.0/stm32cubeide/plugins/com.st.stm32cube.ide.mcu.externaltools.gnu-tools-for-stm32.7-2018-q2-update.win32_1.4.0.202007081208/tools/bin/../lib/gcc/arm-none-eabi/7.3.1/../../../../arm-none-eabi/lib/thumb/v7-m\libc_nano.a(lib_a-init.o)
                0x0000000008002858                __libc_init_array
 .text.memset   0x00000000080028a0       0x10 c:/st/stm32cubeide_1.4.0/stm32cubeide/plugins/com.st.stm32cube.ide.mcu.externaltools.gnu-tools-for-stm32.7-2018-q2-update.win32_1.4.0.202007081208/tools/bin/../lib/gcc/arm-none-eabi/7.3.1/../../../../arm-none-eabi/lib/thumb/v7-m\libc_nano.a(lib_a-memset.o)
                0x00000000080028a0                memset
 *(.glue_7)
 .glue_7        0x00000000080028b0        0x0 linker stubs
 *(.glue_7t)
 .glue_7t       0x00000000080028b0        0x0 linker stubs
 *(.eh_frame)
 .eh_frame      0x00000000080028b0        0x0 c:/st/stm32cubeide_1.4.0/stm32cubeide/plugins/com.st.stm32cube.ide.mcu.externaltools.gnu-tools-for-stm32.7-2018-q2-update.win32_1.4.0.202007081208/tools/bin/../lib/gcc/arm-none-eabi/7.3.1/thumb/v7-m/crtbegin.o
 *(.init)
 .init          0x00000000080028b0        0x4 c:/st/stm32cubeide_1.4.0/stm32cubeide/plugins/com.st.stm32cube.ide.mcu.externaltools.gnu-tools-for-stm32.7-2018-q2-update.win32_1.4.0.202007081208/tools/bin/../lib/gcc/arm-none-eabi/7.3.1/thumb/v7-m/crti.o
                0x00000000080028b0                _init
 .init          0x00000000080028b4        0x8 c:/st/stm32cubeide_1.4.0/stm32cubeide/plugins/com.st.stm32cube.ide.mcu.externaltools.gnu-tools-for-stm32.7-2018-q2-update.win32_1.4.0.202007081208/tools/bin/../lib/gcc/arm-none-eabi/7.3.1/thumb/v7-m/crtn.o
 *(.fini)
 .fini          0x00000000080028bc        0x4 c:/st/stm32cubeide_1.4.0/stm32cubeide/plugins/com.st.stm32cube.ide.mcu.externaltools.gnu-tools-for-stm32.7-2018-q2-update.win32_1.4.0.202007081208/tools/bin/../lib/gcc/arm-none-eabi/7.3.1/thumb/v7-m/crti.o
                0x00000000080028bc                _fini
 .fini          0x00000000080028c0        0x8 c:/st/stm32cubeide_1.4.0/stm32cubeide/plugins/com.st.stm32cube.ide.mcu.externaltools.gnu-tools-for-stm32.7-2018-q2-update.win32_1.4.0.202007081208/tools/bin/../lib/gcc/arm-none-eabi/7.3.1/thumb/v7-m/crtn.o
                0x00000000080028c8                . = ALIGN (0x4)
                0x00000000080028c8                _etext = .

.vfp11_veneer   0x00000000080028c8        0x0
 .vfp11_veneer  0x00000000080028c8        0x0 linker stubs

.v4_bx          0x00000000080028c8        0x0
 .v4_bx         0x00000000080028c8        0x0 linker stubs

.iplt           0x00000000080028c8        0x0
 .iplt          0x00000000080028c8        0x0 c:/st/stm32cubeide_1.4.0/stm32cubeide/plugins/com.st.stm32cube.ide.mcu.externaltools.gnu-tools-for-stm32.7-2018-q2-update.win32_1.4.0.202007081208/tools/bin/../lib/gcc/arm-none-eabi/7.3.1/thumb/v7-m/crtbegin.o

.rodata         0x00000000080028c8     0xa8e0
                0x00000000080028c8                . = ALIGN (0x4)
 *(.rodata)
 .rodata        0x00000000080028c8       0xa7 Core/Src/st7789.o
 *fill*         0x000000000800296f        0x1 
 .rodata        0x0000000008002970       0x12 Drivers/STM32F1xx_HAL_Driver/Src/stm32f1xx_hal_rcc.o
 *(.rodata*)
 *fill*         0x0000000008002982        0x2 
 .rodata.Font7x10
                0x0000000008002984      0x76c Core/Src/fonts.o
 .rodata.Font11x18
                0x00000000080030f0      0xd5c Core/Src/fonts.o
 .rodata.Font16x26
                0x0000000008003e4c     0x134c Core/Src/fonts.o
 .rodata.saber  0x0000000008005198     0x8000 Core/Src/fonts.o
                0x0000000008005198                saber
 .rodata.AHBPrescTable
                0x000000000800d198       0x10 Core/Src/system_stm32f1xx.o
                0x000000000800d198                AHBPrescTable
                0x000000000800d1a8                . = ALIGN (0x4)

.rel.dyn        0x000000000800d1a8        0x0
 .rel.iplt      0x000000000800d1a8        0x0 c:/st/stm32cubeide_1.4.0/stm32cubeide/plugins/com.st.stm32cube.ide.mcu.externaltools.gnu-tools-for-stm32.7-2018-q2-update.win32_1.4.0.202007081208/tools/bin/../lib/gcc/arm-none-eabi/7.3.1/thumb/v7-m/crtbegin.o

.ARM.extab      0x000000000800d1a8        0x0
                0x000000000800d1a8                . = ALIGN (0x4)
 *(.ARM.extab* .gnu.linkonce.armextab.*)
                0x000000000800d1a8                . = ALIGN (0x4)

.ARM            0x000000000800d1a8        0x0
                0x000000000800d1a8                . = ALIGN (0x4)
                0x000000000800d1a8                __exidx_start = .
 *(.ARM.exidx*)
                0x000000000800d1a8                __exidx_end = .
                0x000000000800d1a8                . = ALIGN (0x4)

.preinit_array  0x000000000800d1a8        0x0
                0x000000000800d1a8                . = ALIGN (0x4)
                0x000000000800d1a8                PROVIDE (__preinit_array_start = .)
 *(.preinit_array*)
                0x000000000800d1a8                PROVIDE (__preinit_array_end = .)
                0x000000000800d1a8                . = ALIGN (0x4)

.init_array     0x000000000800d1a8        0x4
                0x000000000800d1a8                . = ALIGN (0x4)
                0x000000000800d1a8                PROVIDE (__init_array_start = .)
 *(SORT_BY_NAME(.init_array.*))
 *(.init_array*)
 .init_array    0x000000000800d1a8        0x4 c:/st/stm32cubeide_1.4.0/stm32cubeide/plugins/com.st.stm32cube.ide.mcu.externaltools.gnu-tools-for-stm32.7-2018-q2-update.win32_1.4.0.202007081208/tools/bin/../lib/gcc/arm-none-eabi/7.3.1/thumb/v7-m/crtbegin.o
                0x000000000800d1ac                PROVIDE (__init_array_end = .)
                0x000000000800d1ac                . = ALIGN (0x4)

.fini_array     0x000000000800d1ac        0x4
                0x000000000800d1ac                . = ALIGN (0x4)
                [!provide]                        PROVIDE (__fini_array_start = .)
 *(SORT_BY_NAME(.fini_array.*))
 *(.fini_array*)
 .fini_array    0x000000000800d1ac        0x4 c:/st/stm32cubeide_1.4.0/stm32cubeide/plugins/com.st.stm32cube.ide.mcu.externaltools.gnu-tools-for-stm32.7-2018-q2-update.win32_1.4.0.202007081208/tools/bin/../lib/gcc/arm-none-eabi/7.3.1/thumb/v7-m/crtbegin.o
                [!provide]                        PROVIDE (__fini_array_end = .)
                0x000000000800d1b0                . = ALIGN (0x4)
                0x000000000800d1b0                _sidata = LOADADDR (.data)

.data           0x0000000020000000       0x24 load address 0x000000000800d1b0
                0x0000000020000000                . = ALIGN (0x4)
                0x0000000020000000                _sdata = .
 *(.data)
 *(.data*)
 .data.Font_7x10
                0x0000000020000000        0x8 Core/Src/fonts.o
                0x0000000020000000                Font_7x10
 .data.Font_11x18
                0x0000000020000008        0x8 Core/Src/fonts.o
                0x0000000020000008                Font_11x18
 .data.Font_16x26
                0x0000000020000010        0x8 Core/Src/fonts.o
                0x0000000020000010                Font_16x26
 .data.SystemCoreClock
                0x0000000020000018        0x4 Core/Src/system_stm32f1xx.o
                0x0000000020000018                SystemCoreClock
 .data.uwTickPrio
                0x000000002000001c        0x4 Drivers/STM32F1xx_HAL_Driver/Src/stm32f1xx_hal.o
                0x000000002000001c                uwTickPrio
 .data.uwTickFreq
                0x0000000020000020        0x1 Drivers/STM32F1xx_HAL_Driver/Src/stm32f1xx_hal.o
                0x0000000020000020                uwTickFreq
                0x0000000020000024                . = ALIGN (0x4)
 *fill*         0x0000000020000021        0x3 
                0x0000000020000024                _edata = .

.igot.plt       0x0000000020000024        0x0 load address 0x000000000800d1d4
 .igot.plt      0x0000000020000024        0x0 c:/st/stm32cubeide_1.4.0/stm32cubeide/plugins/com.st.stm32cube.ide.mcu.externaltools.gnu-tools-for-stm32.7-2018-q2-update.win32_1.4.0.202007081208/tools/bin/../lib/gcc/arm-none-eabi/7.3.1/thumb/v7-m/crtbegin.o
                0x0000000020000024                . = ALIGN (0x4)

.bss            0x0000000020000024       0x78 load address 0x000000000800d1d4
                0x0000000020000024                _sbss = .
                0x0000000020000024                __bss_start__ = _sbss
 *(.bss)
 .bss           0x0000000020000024       0x1c c:/st/stm32cubeide_1.4.0/stm32cubeide/plugins/com.st.stm32cube.ide.mcu.externaltools.gnu-tools-for-stm32.7-2018-q2-update.win32_1.4.0.202007081208/tools/bin/../lib/gcc/arm-none-eabi/7.3.1/thumb/v7-m/crtbegin.o
 *(.bss*)
 *(COMMON)
 COMMON         0x0000000020000040       0x58 Core/Src/spi.o
                0x0000000020000040                hspi1
 COMMON         0x0000000020000098        0x4 Drivers/STM32F1xx_HAL_Driver/Src/stm32f1xx_hal.o
                0x0000000020000098                uwTick
                0x000000002000009c                . = ALIGN (0x4)
                0x000000002000009c                _ebss = .
                0x000000002000009c                __bss_end__ = _ebss

._user_heap_stack
                0x000000002000009c      0x604 load address 0x000000000800d1d4
                0x00000000200000a0                . = ALIGN (0x8)
 *fill*         0x000000002000009c        0x4 
                [!provide]                        PROVIDE (end = .)
                0x00000000200000a0                PROVIDE (_end = .)
                0x00000000200002a0                . = (. + _Min_Heap_Size)
 *fill*         0x00000000200000a0      0x200 
                0x00000000200006a0                . = (. + _Min_Stack_Size)
 *fill*         0x00000000200002a0      0x400 
                0x00000000200006a0                . = ALIGN (0x8)

/DISCARD/
 libc.a(*)
 libm.a(*)
 libgcc.a(*)

.ARM.attributes
                0x0000000000000000       0x29
 *(.ARM.attributes)
 .ARM.attributes
                0x0000000000000000       0x1d c:/st/stm32cubeide_1.4.0/stm32cubeide/plugins/com.st.stm32cube.ide.mcu.externaltools.gnu-tools-for-stm32.7-2018-q2-update.win32_1.4.0.202007081208/tools/bin/../lib/gcc/arm-none-eabi/7.3.1/thumb/v7-m/crti.o
 .ARM.attributes
                0x000000000000001d       0x2d c:/st/stm32cubeide_1.4.0/stm32cubeide/plugins/com.st.stm32cube.ide.mcu.externaltools.gnu-tools-for-stm32.7-2018-q2-update.win32_1.4.0.202007081208/tools/bin/../lib/gcc/arm-none-eabi/7.3.1/thumb/v7-m/crtbegin.o
 .ARM.attributes
                0x000000000000004a       0x33 Core/Src/fonts.o
 .ARM.attributes
                0x000000000000007d       0x33 Core/Src/gpio.o
 .ARM.attributes
                0x00000000000000b0       0x33 Core/Src/main.o
 .ARM.attributes
                0x00000000000000e3       0x33 Core/Src/spi.o
 .ARM.attributes
                0x0000000000000116       0x33 Core/Src/st7789.o
 .ARM.attributes
                0x0000000000000149       0x33 Core/Src/stm32f1xx_hal_msp.o
 .ARM.attributes
                0x000000000000017c       0x33 Core/Src/stm32f1xx_it.o
 .ARM.attributes
                0x00000000000001af       0x33 Core/Src/system_stm32f1xx.o
 .ARM.attributes
                0x00000000000001e2       0x21 Core/Startup/startup_stm32f103c8tx.o
 .ARM.attributes
                0x0000000000000203       0x33 Drivers/STM32F1xx_HAL_Driver/Src/stm32f1xx_hal.o
 .ARM.attributes
                0x0000000000000236       0x33 Drivers/STM32F1xx_HAL_Driver/Src/stm32f1xx_hal_cortex.o
 .ARM.attributes
                0x0000000000000269       0x33 Drivers/STM32F1xx_HAL_Driver/Src/stm32f1xx_hal_gpio.o
 .ARM.attributes
                0x000000000000029c       0x33 Drivers/STM32F1xx_HAL_Driver/Src/stm32f1xx_hal_rcc.o
 .ARM.attributes
                0x00000000000002cf       0x33 Drivers/STM32F1xx_HAL_Driver/Src/stm32f1xx_hal_spi.o
 .ARM.attributes
                0x0000000000000302       0x2d c:/st/stm32cubeide_1.4.0/stm32cubeide/plugins/com.st.stm32cube.ide.mcu.externaltools.gnu-tools-for-stm32.7-2018-q2-update.win32_1.4.0.202007081208/tools/bin/../lib/gcc/arm-none-eabi/7.3.1/../../../../arm-none-eabi/lib/thumb/v7-m\libc_nano.a(lib_a-init.o)
 .ARM.attributes
                0x000000000000032f       0x2d c:/st/stm32cubeide_1.4.0/stm32cubeide/plugins/com.st.stm32cube.ide.mcu.externaltools.gnu-tools-for-stm32.7-2018-q2-update.win32_1.4.0.202007081208/tools/bin/../lib/gcc/arm-none-eabi/7.3.1/../../../../arm-none-eabi/lib/thumb/v7-m\libc_nano.a(lib_a-memset.o)
 .ARM.attributes
                0x000000000000035c       0x1d c:/st/stm32cubeide_1.4.0/stm32cubeide/plugins/com.st.stm32cube.ide.mcu.externaltools.gnu-tools-for-stm32.7-2018-q2-update.win32_1.4.0.202007081208/tools/bin/../lib/gcc/arm-none-eabi/7.3.1/thumb/v7-m/crtn.o
OUTPUT(ST7789_demo_103c8t6.elf elf32-littlearm)

.debug_info     0x0000000000000000     0x6505
 .debug_info    0x0000000000000000      0x1cb Core/Src/fonts.o
 .debug_info    0x00000000000001cb      0x352 Core/Src/gpio.o
 .debug_info    0x000000000000051d      0x7ea Core/Src/main.o
 .debug_info    0x0000000000000d07      0x808 Core/Src/spi.o
 .debug_info    0x000000000000150f     0x10d9 Core/Src/st7789.o
 .debug_info    0x00000000000025e8      0x2cb Core/Src/stm32f1xx_hal_msp.o
 .debug_info    0x00000000000028b3      0x1fa Core/Src/stm32f1xx_it.o
 .debug_info    0x0000000000002aad      0x433 Core/Src/system_stm32f1xx.o
 .debug_info    0x0000000000002ee0       0x22 Core/Startup/startup_stm32f103c8tx.o
 .debug_info    0x0000000000002f02      0x6fe Drivers/STM32F1xx_HAL_Driver/Src/stm32f1xx_hal.o
 .debug_info    0x0000000000003600      0xb46 Drivers/STM32F1xx_HAL_Driver/Src/stm32f1xx_hal_cortex.o
 .debug_info    0x0000000000004146      0x681 Drivers/STM32F1xx_HAL_Driver/Src/stm32f1xx_hal_gpio.o
 .debug_info    0x00000000000047c7      0x804 Drivers/STM32F1xx_HAL_Driver/Src/stm32f1xx_hal_rcc.o
 .debug_info    0x0000000000004fcb     0x153a Drivers/STM32F1xx_HAL_Driver/Src/stm32f1xx_hal_spi.o

.debug_abbrev   0x0000000000000000     0x153c
 .debug_abbrev  0x0000000000000000       0xaf Core/Src/fonts.o
 .debug_abbrev  0x00000000000000af      0x134 Core/Src/gpio.o
 .debug_abbrev  0x00000000000001e3      0x188 Core/Src/main.o
 .debug_abbrev  0x000000000000036b      0x199 Core/Src/spi.o
 .debug_abbrev  0x0000000000000504      0x233 Core/Src/st7789.o
 .debug_abbrev  0x0000000000000737      0x109 Core/Src/stm32f1xx_hal_msp.o
 .debug_abbrev  0x0000000000000840       0xc6 Core/Src/stm32f1xx_it.o
 .debug_abbrev  0x0000000000000906      0x134 Core/Src/system_stm32f1xx.o
 .debug_abbrev  0x0000000000000a3a       0x12 Core/Startup/startup_stm32f103c8tx.o
 .debug_abbrev  0x0000000000000a4c      0x1d8 Drivers/STM32F1xx_HAL_Driver/Src/stm32f1xx_hal.o
 .debug_abbrev  0x0000000000000c24      0x2d5 Drivers/STM32F1xx_HAL_Driver/Src/stm32f1xx_hal_cortex.o
 .debug_abbrev  0x0000000000000ef9      0x1c0 Drivers/STM32F1xx_HAL_Driver/Src/stm32f1xx_hal_gpio.o
 .debug_abbrev  0x00000000000010b9      0x243 Drivers/STM32F1xx_HAL_Driver/Src/stm32f1xx_hal_rcc.o
 .debug_abbrev  0x00000000000012fc      0x240 Drivers/STM32F1xx_HAL_Driver/Src/stm32f1xx_hal_spi.o

.debug_aranges  0x0000000000000000      0x6d0
 .debug_aranges
                0x0000000000000000       0x18 Core/Src/fonts.o
 .debug_aranges
                0x0000000000000018       0x20 Core/Src/gpio.o
 .debug_aranges
                0x0000000000000038       0x30 Core/Src/main.o
 .debug_aranges
                0x0000000000000068       0x30 Core/Src/spi.o
 .debug_aranges
                0x0000000000000098       0xd0 Core/Src/st7789.o
 .debug_aranges
                0x0000000000000168       0x20 Core/Src/stm32f1xx_hal_msp.o
 .debug_aranges
                0x0000000000000188       0x60 Core/Src/stm32f1xx_it.o
 .debug_aranges
                0x00000000000001e8       0x28 Core/Src/system_stm32f1xx.o
 .debug_aranges
                0x0000000000000210       0x28 Core/Startup/startup_stm32f103c8tx.o
 .debug_aranges
                0x0000000000000238       0xe0 Drivers/STM32F1xx_HAL_Driver/Src/stm32f1xx_hal.o
 .debug_aranges
                0x0000000000000318      0x100 Drivers/STM32F1xx_HAL_Driver/Src/stm32f1xx_hal_cortex.o
 .debug_aranges
                0x0000000000000418       0x58 Drivers/STM32F1xx_HAL_Driver/Src/stm32f1xx_hal_gpio.o
 .debug_aranges
                0x0000000000000470       0x90 Drivers/STM32F1xx_HAL_Driver/Src/stm32f1xx_hal_rcc.o
 .debug_aranges
                0x0000000000000500      0x1d0 Drivers/STM32F1xx_HAL_Driver/Src/stm32f1xx_hal_spi.o

.debug_macro    0x0000000000000000    0x12f3c
 .debug_macro   0x0000000000000000       0x6d Core/Src/fonts.o
 .debug_macro   0x000000000000006d      0xa5a Core/Src/fonts.o
 .debug_macro   0x0000000000000ac7       0x22 Core/Src/fonts.o
 .debug_macro   0x0000000000000ae9       0x8e Core/Src/fonts.o
 .debug_macro   0x0000000000000b77       0x51 Core/Src/fonts.o
 .debug_macro   0x0000000000000bc8       0xef Core/Src/fonts.o
 .debug_macro   0x0000000000000cb7       0x6a Core/Src/fonts.o
 .debug_macro   0x0000000000000d21      0x1df Core/Src/fonts.o
 .debug_macro   0x0000000000000f00      0x19e Core/Src/gpio.o
 .debug_macro   0x000000000000109e      0x215 Core/Src/gpio.o
 .debug_macro   0x00000000000012b3       0x2e Core/Src/gpio.o
 .debug_macro   0x00000000000012e1       0x22 Core/Src/gpio.o
 .debug_macro   0x0000000000001303       0x1c Core/Src/gpio.o
 .debug_macro   0x000000000000131f       0x22 Core/Src/gpio.o
 .debug_macro   0x0000000000001341       0xc3 Core/Src/gpio.o
 .debug_macro   0x0000000000001404      0xd23 Core/Src/gpio.o
 .debug_macro   0x0000000000002127     0xe09e Core/Src/gpio.o
 .debug_macro   0x00000000000101c5       0x43 Core/Src/gpio.o
 .debug_macro   0x0000000000010208      0x174 Core/Src/gpio.o
 .debug_macro   0x000000000001037c       0x5a Core/Src/gpio.o
 .debug_macro   0x00000000000103d6      0x5be Core/Src/gpio.o
 .debug_macro   0x0000000000010994      0x289 Core/Src/gpio.o
 .debug_macro   0x0000000000010c1d      0x1cb Core/Src/gpio.o
 .debug_macro   0x0000000000010de8      0x114 Core/Src/gpio.o
 .debug_macro   0x0000000000010efc      0x1b2 Core/Src/gpio.o
 .debug_macro   0x00000000000110ae       0x27 Core/Src/gpio.o
 .debug_macro   0x00000000000110d5      0x136 Core/Src/gpio.o
 .debug_macro   0x000000000001120b      0x1bc Core/Src/gpio.o
 .debug_macro   0x00000000000113c7       0x34 Core/Src/gpio.o
 .debug_macro   0x00000000000113fb       0x3c Core/Src/gpio.o
 .debug_macro   0x0000000000011437       0x57 Core/Src/gpio.o
 .debug_macro   0x000000000001148e       0x88 Core/Src/gpio.o
 .debug_macro   0x0000000000011516      0x241 Core/Src/gpio.o
 .debug_macro   0x0000000000011757      0x141 Core/Src/gpio.o
 .debug_macro   0x0000000000011898      0x217 Core/Src/gpio.o
 .debug_macro   0x0000000000011aaf       0x83 Core/Src/gpio.o
 .debug_macro   0x0000000000011b32       0x28 Core/Src/gpio.o
 .debug_macro   0x0000000000011b5a      0x1c5 Core/Src/main.o
 .debug_macro   0x0000000000011d1f      0x1d3 Core/Src/main.o
 .debug_macro   0x0000000000011ef2      0x19e Core/Src/spi.o
 .debug_macro   0x0000000000012090      0x1ad Core/Src/st7789.o
 .debug_macro   0x000000000001223d      0x194 Core/Src/stm32f1xx_hal_msp.o
 .debug_macro   0x00000000000123d1      0x19e Core/Src/stm32f1xx_it.o
 .debug_macro   0x000000000001256f      0x18b Core/Src/system_stm32f1xx.o
 .debug_macro   0x00000000000126fa      0x1a9 Drivers/STM32F1xx_HAL_Driver/Src/stm32f1xx_hal.o
 .debug_macro   0x00000000000128a3      0x185 Drivers/STM32F1xx_HAL_Driver/Src/stm32f1xx_hal_cortex.o
 .debug_macro   0x0000000000012a28      0x1f0 Drivers/STM32F1xx_HAL_Driver/Src/stm32f1xx_hal_gpio.o
 .debug_macro   0x0000000000012c18      0x197 Drivers/STM32F1xx_HAL_Driver/Src/stm32f1xx_hal_rcc.o
 .debug_macro   0x0000000000012daf      0x18d Drivers/STM32F1xx_HAL_Driver/Src/stm32f1xx_hal_spi.o

.debug_line     0x0000000000000000     0x641b
 .debug_line    0x0000000000000000      0x38a Core/Src/fonts.o
 .debug_line    0x000000000000038a      0x608 Core/Src/gpio.o
 .debug_line    0x0000000000000992      0x65e Core/Src/main.o
 .debug_line    0x0000000000000ff0      0x636 Core/Src/spi.o
 .debug_line    0x0000000000001626      0x9d5 Core/Src/st7789.o
 .debug_line    0x0000000000001ffb      0x605 Core/Src/stm32f1xx_hal_msp.o
 .debug_line    0x0000000000002600      0x6a8 Core/Src/stm32f1xx_it.o
 .debug_line    0x0000000000002ca8      0x635 Core/Src/system_stm32f1xx.o
 .debug_line    0x00000000000032dd       0x84 Core/Startup/startup_stm32f103c8tx.o
 .debug_line    0x0000000000003361      0x7dd Drivers/STM32F1xx_HAL_Driver/Src/stm32f1xx_hal.o
 .debug_line    0x0000000000003b3e      0x8b6 Drivers/STM32F1xx_HAL_Driver/Src/stm32f1xx_hal_cortex.o
 .debug_line    0x00000000000043f4      0x7dd Drivers/STM32F1xx_HAL_Driver/Src/stm32f1xx_hal_gpio.o
 .debug_line    0x0000000000004bd1      0x89f Drivers/STM32F1xx_HAL_Driver/Src/stm32f1xx_hal_rcc.o
 .debug_line    0x0000000000005470      0xfab Drivers/STM32F1xx_HAL_Driver/Src/stm32f1xx_hal_spi.o

.debug_str      0x0000000000000000    0x663e1
 .debug_str     0x0000000000000000     0x3af7 Core/Src/fonts.o
                                       0x3c63 (size before relaxing)
 .debug_str     0x0000000000003af7    0x604bf Core/Src/gpio.o
                                      0x641ef (size before relaxing)
 .debug_str     0x0000000000063fb6      0xb8c Core/Src/main.o
                                      0x64d4a (size before relaxing)
 .debug_str     0x0000000000064b42       0x4b Core/Src/spi.o
                                      0x645d1 (size before relaxing)
 .debug_str     0x0000000000064b8d      0x294 Core/Src/st7789.o
                                      0x64ea4 (size before relaxing)
 .debug_str     0x0000000000064e21       0x5a Core/Src/stm32f1xx_hal_msp.o
                                      0x641a7 (size before relaxing)
 .debug_str     0x0000000000064e7b       0xbd Core/Src/stm32f1xx_it.o
                                      0x641c4 (size before relaxing)
 .debug_str     0x0000000000064f38       0xc2 Core/Src/system_stm32f1xx.o
                                      0x64172 (size before relaxing)
 .debug_str     0x0000000000064ffa       0x36 Core/Startup/startup_stm32f103c8tx.o
                                         0x79 (size before relaxing)
 .debug_str     0x0000000000065030      0x629 Drivers/STM32F1xx_HAL_Driver/Src/stm32f1xx_hal.o
                                      0x64783 (size before relaxing)
 .debug_str     0x0000000000065659      0x2c8 Drivers/STM32F1xx_HAL_Driver/Src/stm32f1xx_hal_cortex.o
                                      0x64791 (size before relaxing)
 .debug_str     0x0000000000065921      0x324 Drivers/STM32F1xx_HAL_Driver/Src/stm32f1xx_hal_gpio.o
                                      0x644bc (size before relaxing)
 .debug_str     0x0000000000065c45      0x263 Drivers/STM32F1xx_HAL_Driver/Src/stm32f1xx_hal_rcc.o
                                      0x644f5 (size before relaxing)
 .debug_str     0x0000000000065ea8      0x539 Drivers/STM32F1xx_HAL_Driver/Src/stm32f1xx_hal_spi.o
                                      0x649e3 (size before relaxing)

.comment        0x0000000000000000       0x7b
 .comment       0x0000000000000000       0x7b Core/Src/fonts.o
                                         0x7c (size before relaxing)
 .comment       0x000000000000007b       0x7c Core/Src/gpio.o
 .comment       0x000000000000007b       0x7c Core/Src/main.o
 .comment       0x000000000000007b       0x7c Core/Src/spi.o
 .comment       0x000000000000007b       0x7c Core/Src/st7789.o
 .comment       0x000000000000007b       0x7c Core/Src/stm32f1xx_hal_msp.o
 .comment       0x000000000000007b       0x7c Core/Src/stm32f1xx_it.o
 .comment       0x000000000000007b       0x7c Core/Src/system_stm32f1xx.o
 .comment       0x000000000000007b       0x7c Drivers/STM32F1xx_HAL_Driver/Src/stm32f1xx_hal.o
 .comment       0x000000000000007b       0x7c Drivers/STM32F1xx_HAL_Driver/Src/stm32f1xx_hal_cortex.o
 .comment       0x000000000000007b       0x7c Drivers/STM32F1xx_HAL_Driver/Src/stm32f1xx_hal_gpio.o
 .comment       0x000000000000007b       0x7c Drivers/STM32F1xx_HAL_Driver/Src/stm32f1xx_hal_rcc.o
 .comment       0x000000000000007b       0x7c Drivers/STM32F1xx_HAL_Driver/Src/stm32f1xx_hal_spi.o

.debug_ranges   0x0000000000000000      0x5f0
 .debug_ranges  0x0000000000000000       0x10 Core/Src/gpio.o
 .debug_ranges  0x0000000000000010       0x20 Core/Src/main.o
 .debug_ranges  0x0000000000000030       0x20 Core/Src/spi.o
 .debug_ranges  0x0000000000000050       0xc0 Core/Src/st7789.o
 .debug_ranges  0x0000000000000110       0x10 Core/Src/stm32f1xx_hal_msp.o
 .debug_ranges  0x0000000000000120       0x50 Core/Src/stm32f1xx_it.o
 .debug_ranges  0x0000000000000170       0x18 Core/Src/system_stm32f1xx.o
 .debug_ranges  0x0000000000000188       0x20 Core/Startup/startup_stm32f103c8tx.o
 .debug_ranges  0x00000000000001a8       0xd0 Drivers/STM32F1xx_HAL_Driver/Src/stm32f1xx_hal.o
 .debug_ranges  0x0000000000000278       0xf0 Drivers/STM32F1xx_HAL_Driver/Src/stm32f1xx_hal_cortex.o
 .debug_ranges  0x0000000000000368       0x48 Drivers/STM32F1xx_HAL_Driver/Src/stm32f1xx_hal_gpio.o
 .debug_ranges  0x00000000000003b0       0x80 Drivers/STM32F1xx_HAL_Driver/Src/stm32f1xx_hal_rcc.o
 .debug_ranges  0x0000000000000430      0x1c0 Drivers/STM32F1xx_HAL_Driver/Src/stm32f1xx_hal_spi.o

.debug_frame    0x0000000000000000     0x1980
 .debug_frame   0x0000000000000000       0x34 Core/Src/gpio.o
 .debug_frame   0x0000000000000034       0x70 Core/Src/main.o
 .debug_frame   0x00000000000000a4       0x74 Core/Src/spi.o
 .debug_frame   0x0000000000000118      0x398 Core/Src/st7789.o
 .debug_frame   0x00000000000004b0       0x38 Core/Src/stm32f1xx_hal_msp.o
 .debug_frame   0x00000000000004e8      0x10c Core/Src/stm32f1xx_it.o
 .debug_frame   0x00000000000005f4       0x58 Core/Src/system_stm32f1xx.o
 .debug_frame   0x000000000000064c      0x334 Drivers/STM32F1xx_HAL_Driver/Src/stm32f1xx_hal.o
 .debug_frame   0x0000000000000980      0x428 Drivers/STM32F1xx_HAL_Driver/Src/stm32f1xx_hal_cortex.o
 .debug_frame   0x0000000000000da8      0x14c Drivers/STM32F1xx_HAL_Driver/Src/stm32f1xx_hal_gpio.o
 .debug_frame   0x0000000000000ef4      0x21c Drivers/STM32F1xx_HAL_Driver/Src/stm32f1xx_hal_rcc.o
 .debug_frame   0x0000000000001110      0x824 Drivers/STM32F1xx_HAL_Driver/Src/stm32f1xx_hal_spi.o
 .debug_frame   0x0000000000001934       0x2c c:/st/stm32cubeide_1.4.0/stm32cubeide/plugins/com.st.stm32cube.ide.mcu.externaltools.gnu-tools-for-stm32.7-2018-q2-update.win32_1.4.0.202007081208/tools/bin/../lib/gcc/arm-none-eabi/7.3.1/../../../../arm-none-eabi/lib/thumb/v7-m\libc_nano.a(lib_a-init.o)
 .debug_frame   0x0000000000001960       0x20 c:/st/stm32cubeide_1.4.0/stm32cubeide/plugins/com.st.stm32cube.ide.mcu.externaltools.gnu-tools-for-stm32.7-2018-q2-update.win32_1.4.0.202007081208/tools/bin/../lib/gcc/arm-none-eabi/7.3.1/../../../../arm-none-eabi/lib/thumb/v7-m\libc_nano.a(lib_a-memset.o)
