ssd1351.c:5:13:SSD1351_Select	0	static
ssd1351.c:27:13:SSD1351_WriteData	24	static
ssd1351.c:22:13:SSD1351_WriteCommand	16	static
ssd1351.c:39:13:SSD1351_SetAddressWindow	32	static
ssd1351.c:9:6:SSD1351_Unselect	0	static
ssd1351.c:211:6:SSD1351_FillRectangle.part.1	32	static
ssd1351.c:58:6:SSD1351_Init	24	static
ssd1351.c:153:6:SSD1351_DrawPixel	24	static
ssd1351.c:185:6:SSD1351_WriteString	72	static
ssd1351.c:211:6:SSD1351_FillRectangle	8	static
ssd1351.c:231:6:SSD1351_FillScreen	16	static
ssd1351.c:235:6:SSD1351_DrawImage	24	static
ssd1351.c:246:6:SSD1351_InvertColors	8	static
